<html>
<body>
<pre>
<h1>µVision Build Log</h1>
<h2>Tool Versions:</h2>
IDE-Version: ¦ÌVision V5.14.0.0
Copyright (C) 2015 ARM Ltd and ARM Germany GmbH. All rights reserved.
License Information: dsef f, gre, LIC=PE7DL-090DR-IIM5V-P18US-GU9XD-1V4KS
 
Tool Versions:
Toolchain:       MDK-ARM Standard  Version: 5.14.0.0
Toolchain Path:  D:\application\MDK514\CORE\ARM\ARMCC\Bin
C Compiler:      Armcc.exe V5.05 update 1 (build 106)
Assembler:       Armasm.exe V5.05 update 1 (build 106)
Linker/Locator:  ArmLink.exe V5.05 update 1 (build 106)
Library Manager: ArmAr.exe V5.05 update 1 (build 106)
Hex Converter:   FromElf.exe V5.05 update 1 (build 106)
CPU DLL:         SARMCM3.DLL V5.14.0.0
Dialog DLL:      DARMCM1.DLL V1.12.0.0
Target DLL:      Segger\JL2CM3.dll V2.99.13.0
Dialog DLL:      TARMCM1.DLL V1.9.0.0
 
<h2>Project:</h2>
D:\Project\lab-bbCall\l051k8t6\MDK-ARM\l051k8t6.uvprojx
Project File Date:  08/24/2021

<h2>Output:</h2>
Build target 'l051k8t6'
compiling main.c...
../Core/Src/main.c(367): warning:  #167-D: argument of type "char *" is incompatible with parameter of type "uint8_t *"
      HAL_UART_Transmit(&huart1, UartTxBuf, 8, 0xff);
../Core/Src/main.c: 1 warning, 0 errors
linking...
Program Size: Code=10548 RO-data=440 RW-data=144 ZI-data=6528  
FromELF: creating hex file...
"l051k8t6\l051k8t6.axf" - 0 Error(s), 1 Warning(s).

<h2>Software Packages used:</h2>

Package Vendor: ARM
                http://www.keil.com/pack/ARM.CMSIS.4.5.0.pack
                ARM::CMSIS:CORE:4.3.0
                CMSIS (Cortex Microcontroller Software Interface Standard)
   * Component: CORE Version: 4.3.0

<h2>Collection of Component include folders:</h2>
  D:\Project\lab-bbCall\l051k8t6\MDK-ARM\RTE
  D:\application\MDK514\PACK\ARM\CMSIS\4.5.0\CMSIS\Include
  D:\application\MDK514\PACK\Keil\STM32L0xx_DFP\2.0.1

<h2>Collection of Component Files used:</h2>

   * Component: ARM::CMSIS:CORE:4.3.0
</pre>
</body>
</html>
